{"HostConfigHash":"febd141","CardHash":"6710c97","Error":null}