{"HostConfigHash":"5da68b8","CardHash":"aa5711c","Error":null}