{"HostConfigHash":"9f2d152","CardHash":"aa5711c","Error":null}