{"HostConfigHash":"04138f4","CardHash":"6710c97","Error":null}