{"HostConfigHash":"9aebe2c","CardHash":"aa5711c","Error":null}