{"HostConfigHash":"45c4c50","CardHash":"6710c97","Error":null}