{"HostConfigHash":"3e47fb4","CardHash":"6710c97","Error":null}