{"HostConfigHash":"6e7bf22","CardHash":"aa5711c","Error":null}