{"HostConfigHash":"f813d32","CardHash":"aa5711c","Error":null}