{"HostConfigHash":"2ac7c52","CardHash":"6710c97","Error":null}