{"HostConfigHash":"68476db","CardHash":"aa5711c","Error":null}