{"HostConfigHash":"1bb97f8","CardHash":"aa5711c","Error":null}