{"HostConfigHash":"e3927b5","CardHash":"6710c97","Error":null}