{"HostConfigHash":"e188ab9","CardHash":"6710c97","Error":null}